// Jest Snapshot v1, https://goo.gl/fbAQLP

exports[`create component render 1`] = `
<div>
  <h2>
    Add new Expense
  </h2>
  <ExpenseForm
    onSubmitxx={[Function]}
  />
</div>
`;
