// Jest Snapshot v1, https://goo.gl/fbAQLP

exports[`expense list 1`] = `
<div>
  <Connect(ExpenseListFilter) />
  <Connect(ListExpensesItem)
    amount={195}
    createdAt={0}
    description="Gum"
    id="1"
    key="1"
    note=""
  />
  <Connect(ListExpensesItem)
    amount={109500}
    createdAt={-345600000}
    description="Rent"
    id="2"
    key="2"
    note=""
  />
  <Connect(ListExpensesItem)
    amount={4500}
    createdAt={345600000}
    description="Credit Card"
    id="3"
    key="3"
    note=""
  />
</div>
`;

exports[`expense list empty 1`] = `
<div>
  <Connect(ExpenseListFilter) />
  No Expenses
</div>
`;
