// Jest Snapshot v1, https://goo.gl/fbAQLP

exports[`list item 1`] = `
<div>
  <h3>
     
    <Link
      replace={false}
      to="/edit/1"
    >
      <h3>
        Gum
      </h3>
    </Link>
  </h3>
  <p>
    Amount:
    195
     - 
    12/31/1969
  </p>
</div>
`;
