// Jest Snapshot v1, https://goo.gl/fbAQLP

exports[`not found 1`] = `
<div>
  <h2>
    404 Not Found
  </h2>
  <Link
    replace={false}
    to="/"
  >
    Go to home
  </Link>
</div>
`;
